<html>
<body>
<pre>
<h1>µVision Build Log</h1>
<h2>Project:</h2>
F:\proj\Candies_for_ProtoThread\Project\RVMDK(uv4)\CandiesForProtoThread.uvproj
Project File Date:  06/25/2015

<h2>Output:</h2>
Build target 'CandiesForProtoThread'
assembling cortexm3_macro.s...
assembling stm32f10x_vector.s...
compiling stm32f10x_flash.c...
compiling stm32f10x_gpio.c...
compiling stm32f10x_lib.c...
compiling stm32f10x_nvic.c...
compiling stm32f10x_rcc.c...
compiling stm32f10x_systick.c...
compiling stm32f10x_usart.c...
compiling main.c...
..\..\User\main.c(35): warning:  #550-D: variable "PT_YIELD_FLAG" was set but never used
..\..\User\main.c:      PT_BEGIN(pt);
..\..\User\main.c:      ^
..\..\User\main.c(54): warning:  #550-D: variable "PT_YIELD_FLAG" was set but never used
..\..\User\main.c:      PT_BEGIN(pt);
..\..\User\main.c:      ^
..\..\User\main.c: ..\..\User\main.c: 2 warnings, 0 errors
compiling stm32f10x_it.c...
compiling pt_thread.c...
compiling timer.c...
linking...
Program Size: Code=6480 RO-data=356 RW-data=16 ZI-data=1056  
FromELF: creating hex file...
"..\..\Output\CandiesForProtoThread.axf" - 0 Error(s), 2 Warning(s).
